[full_aug2026] fetched 88 base pages (19.5s so far)
[pdf-timing] page data enrichment: 20.3s for 88 pages
[pdf-timing]     9.79s  page 4 (page4_table)
[pdf-timing]     2.22s  page 2.5 (at_a_glance)
[pdf-timing]     1.13s  page 3.3 (best_calendar_month)
[pdf-timing]     1.07s  page 3.2 (best_ever_highlights)
[pdf-timing]     0.45s  page 1 (cover)
[pdf-timing]     0.42s  page 3.5 (key_parameters)
[pdf-timing]     0.35s  page 18 (segment_wise)
[pdf-timing]     0.34s  page 3.6 (bf_large_annexure)
[pdf-timing]     0.26s  page 23 (special_steel)
[pdf-timing]     0.25s  page 2.3 (steel_sector_performance)
[full_aug2026] enriched to 88 page dicts (39.8s so far)
[pdf] Chromium: 151.0.7922.34 (C:\Users\SAIL\AppData\Local\ms-playwright\chromium-1234\chrome-win64\chrome.exe)
[pdf-timing] TOTAL render time: 410.3s
[pdf-timing]     364.5s (88.8%)  main content (portrait pages) — TOTAL
[pdf-timing]     355.4s (86.6%)  trend-split hook (cache MISS, TOTAL)
[pdf-timing]      15.4s ( 3.8%)  trend-split relax-pass reprobe #4
[pdf-timing]      15.1s ( 3.7%)  trend-split relax-pass reprobe #14
[pdf-timing]      15.1s ( 3.7%)  trend-split relax-pass reprobe #3
[pdf-timing]      15.0s ( 3.7%)  trend-split relax-pass reprobe #7
[pdf-timing]      14.8s ( 3.6%)  trend-split probe-and-correct pass 2
[pdf-timing]      14.8s ( 3.6%)  trend-split relax-pass reprobe #15
[pdf-timing]      14.7s ( 3.6%)  trend-split relax-pass reprobe #11
[pdf-timing]      14.7s ( 3.6%)  trend-split relax-pass reprobe #16
[pdf-timing]      14.7s ( 3.6%)  trend-split probe-and-correct pass 3
[pdf-timing]      14.7s ( 3.6%)  trend-split relax-pass reprobe #10
[pdf-timing]      14.6s ( 3.6%)  trend-split relax-pass reprobe #9
[pdf-timing]      14.6s ( 3.6%)  trend-split relax-pass reprobe #2
[pdf-timing]      14.6s ( 3.6%)  trend-split relax-pass reprobe #6
[pdf-timing]      14.6s ( 3.5%)  trend-split probe-and-correct pass 1
[pdf-timing]      14.6s ( 3.5%)  trend-split relax-pass reprobe #8
[pdf-timing]      14.6s ( 3.5%)  trend-split relax-pass reprobe #13
[pdf-timing]      14.6s ( 3.5%)  trend-split relax-pass reprobe #12
[pdf-timing]      14.5s ( 3.5%)  trend-split relax-pass reprobe #1
[pdf-timing]      14.4s ( 3.5%)  trend-split relax-pass reprobe #5
[pdf-timing]      13.8s ( 3.4%)  trend-split probe-and-correct pass 4 (converged)
[pdf-timing]      11.6s ( 2.8%)  dynamic index pagination check
[pdf-timing]       4.9s ( 1.2%)  dept badges overlay (post-splice)
[pdf-timing]       3.8s ( 0.9%)  main content (portrait pages): main content — final print
[pdf-timing]       2.2s ( 0.5%)  main content (portrait pages): main content — initial layout
[pdf-timing]       2.0s ( 0.5%)  re-stamp page numbers (post-splice)
[pdf-timing]       1.8s ( 0.4%)  page3 overflow check
[pdf-timing]       1.3s ( 0.3%)  main content (portrait pages): main content — corrected re-layout
[pdf-timing]       1.1s ( 0.3%)  page3-overflow probe: main content — final print
[pdf-timing]       1.0s ( 0.2%)  landscape run: 1057(ready_reckoner)
[pdf-timing]       0.9s ( 0.2%)  landscape run: 3.6(bf_large_annexure), 3.61(cost_trend), 3.62(cost_trend), 3.63(cost_trend)
[pdf-timing]       0.9s ( 0.2%)  landscape run: 1042(ready_reckoner)
[pdf-timing]       0.9s ( 0.2%)  landscape run: 1053(ready_reckoner)
[pdf-timing]       0.8s ( 0.2%)  main content (portrait pages): cover page
[pdf-timing]       0.7s ( 0.2%)  landscape run: 1055(ready_reckoner)
[pdf-timing]       0.7s ( 0.2%)  landscape run: 2.41(market_prices), 2.42(macro_indicators)
[pdf-timing]       0.6s ( 0.2%)  landscape run: 18.5(rail_report), 1025(special_steel_physical)
[pdf-timing]       0.6s ( 0.1%)  ready-reckoner fit probe: BSL
[pdf-timing]       0.6s ( 0.1%)  ready-reckoner fit probe: BSP
[pdf-timing]       0.6s ( 0.1%)  ready-reckoner fit probe: RSP
[pdf-timing]       0.6s ( 0.1%)  ready-reckoner fit probe: DSP
[pdf-timing]       0.6s ( 0.1%)  ready-reckoner fit probe: SSP
[pdf-timing]       0.6s ( 0.1%)  ready-reckoner fit probe: VISL
[pdf-timing]       0.6s ( 0.1%)  ready-reckoner fit probe: ISP
[pdf-timing]       0.6s ( 0.1%)  ready-reckoner fit probe: ASP
[pdf-timing]       0.5s ( 0.1%)  landscape run: 1048(ready_reckoner)
[pdf-timing]       0.5s ( 0.1%)  page3-overflow probe: main content — initial layout
[pdf-timing]       0.5s ( 0.1%)  landscape run: 1046(ready_reckoner)
[pdf-timing]       0.4s ( 0.1%)  landscape run: 35.4(epi)
[pdf-timing]       0.4s ( 0.1%)  landscape run: 1044(ready_reckoner)
[pdf-timing]       0.4s ( 0.1%)  main content (portrait pages): front/index page
[pdf-timing]       0.3s ( 0.1%)  landscape run: 1050(ready_reckoner)
[pdf-timing]       0.3s ( 0.1%)  ready-reckoner fit probe: main content — final print
[pdf-timing]       0.3s ( 0.1%)  ready-reckoner fit probe: main content — final print
[pdf-timing]       0.3s ( 0.1%)  ready-reckoner fit probe: main content — final print
[pdf-timing]       0.3s ( 0.1%)  ready-reckoner fit probe: main content — final print
[pdf-timing]       0.3s ( 0.1%)  ready-reckoner fit probe: main content — final print
[pdf-timing]       0.3s ( 0.1%)  ready-reckoner fit probe: main content — final print
[pdf-timing]       0.3s ( 0.1%)  ready-reckoner fit probe: main content — final print
[pdf-timing]       0.3s ( 0.1%)  ready-reckoner fit probe: main content — final print
[pdf-timing]       0.2s ( 0.1%)  ready-reckoner fit probe: main content — initial layout
[pdf-timing]       0.2s ( 0.1%)  ready-reckoner fit probe: main content — initial layout
[pdf-timing]       0.2s ( 0.1%)  ready-reckoner fit probe: main content — initial layout
[pdf-timing]       0.2s ( 0.1%)  ready-reckoner fit probe: main content — initial layout
[pdf-timing]       0.2s ( 0.1%)  ready-reckoner fit probe: main content — initial layout
[pdf-timing]       0.2s ( 0.1%)  ready-reckoner fit probe: main content — initial layout
[pdf-timing]       0.2s ( 0.1%)  ready-reckoner fit probe: main content — initial layout
[pdf-timing]       0.2s ( 0.1%)  ready-reckoner fit probe: main content — initial layout
[full_aug2026] wrote C:\opr-mis1\backend\scratch_review\full_aug2026.pdf (21989770 bytes) total 450.3s
[partial_aug2026] fetched 9 base pages (4.6s so far)
[pdf-timing] page data enrichment: 3.9s for 9 pages
[pdf-timing]     2.48s  page 2.5 (at_a_glance)
[pdf-timing]     0.51s  page 1 (cover)
[pdf-timing]     0.28s  page 2.3 (steel_sector_performance)
[pdf-timing]     0.27s  page 2.1 (steel_sector_performance)
[pdf-timing]     0.21s  page 2.2 (steel_sector_performance)
[pdf-timing]     0.12s  page 3 (summary)
[partial_aug2026] enriched to 9 page dicts (8.5s so far)
[pdf-timing] TOTAL render time: 9.6s
[pdf-timing]       2.6s (26.8%)  main content (portrait pages) — TOTAL
[pdf-timing]       2.0s (20.4%)  page3 overflow check
[pdf-timing]       1.0s (10.8%)  page3-overflow probe: main content — final print
[pdf-timing]       0.9s ( 9.6%)  dept badges overlay (post-splice)
[pdf-timing]       0.9s ( 9.4%)  dynamic index pagination check
[pdf-timing]       0.8s ( 8.1%)  main content (portrait pages): main content — final print
[pdf-timing]       0.7s ( 7.8%)  main content (portrait pages): cover page
[pdf-timing]       0.7s ( 7.7%)  re-stamp page numbers (post-splice)
[pdf-timing]       0.7s ( 7.2%)  landscape run: 2.41(market_prices), 2.42(macro_indicators)
[pdf-timing]       0.5s ( 4.7%)  page3-overflow probe: main content — initial layout
[pdf-timing]       0.4s ( 4.3%)  main content (portrait pages): main content — initial layout
[pdf-timing]       0.4s ( 4.1%)  main content (portrait pages): front/index page
[partial_aug2026] wrote C:\opr-mis1\backend\scratch_review\partial_aug2026.pdf (2201575 bytes) total 18.1s
